// Jest Snapshot v1, https://goo.gl/fbAQLP

exports[`@repay/cactus-fwk should match snapshot of exports 1`] = `
Array [
  "useFeatureFlags",
  "withFeatureFlags",
  "FeatureFlag",
  "default",
  "withErrorBoundary",
  "ErrorBoundary",
]
`;
