// Jest Snapshot v1, https://goo.gl/fbAQLP

exports[`component: Table snapshot 1`] = `
.c0 {
  display: -webkit-box;
  display: -webkit-flex;
  display: -ms-flexbox;
  display: flex;
  -webkit-flex-direction: column;
  -ms-flex-direction: column;
  flex-direction: column;
  margin: 0 16px;
}

<div>
  <table
    class="c0"
  />
</div>
`;
