// Jest Snapshot v1, https://goo.gl/fbAQLP

exports[`component: Preview snapshot 1`] = `
.c2 {
  vertical-align: middle;
}

.c4 {
  vertical-align: middle;
}

.c1 {
  display: -webkit-inline-box;
  display: -webkit-inline-flex;
  display: -ms-inline-flexbox;
  display: inline-flex;
  box-sizing: border-box;
  -webkit-align-items: center;
  -webkit-box-align: center;
  -ms-flex-align: center;
  align-items: center;
  -webkit-box-pack: center;
  -webkit-justify-content: center;
  -ms-flex-pack: center;
  justify-content: center;
  padding: 1px;
  border: none;
  background: transparent;
  outline: none;
  cursor: pointer;
  position: relative;
  overflow: visible;
  color: hsl(0,0%,70%);
  cursor: not-allowed;
  font-size: 24px;
}

.c1::-moz-focus-inner {
  border: 0;
}

.c1:focus::after {
  content: '';
  display: block;
  position: absolute;
  height: calc(100% + 8px);
  width: calc(100% + 8px);
  border: 1px solid;
  border-radius: 8px;
  border-color: hsl(200,96%,35%);
  box-sizing: border-box;
}

.c3 {
  display: -webkit-inline-box;
  display: -webkit-inline-flex;
  display: -ms-inline-flexbox;
  display: inline-flex;
  box-sizing: border-box;
  -webkit-align-items: center;
  -webkit-box-align: center;
  -ms-flex-align: center;
  align-items: center;
  -webkit-box-pack: center;
  -webkit-justify-content: center;
  -ms-flex-pack: center;
  justify-content: center;
  padding: 1px;
  border: none;
  background: transparent;
  outline: none;
  cursor: pointer;
  position: relative;
  overflow: visible;
  color: hsl(200,96%,11%);
  font-size: 24px;
}

.c3::-moz-focus-inner {
  border: 0;
}

.c3:focus::after {
  content: '';
  display: block;
  position: absolute;
  height: calc(100% + 8px);
  width: calc(100% + 8px);
  border: 1px solid;
  border-radius: 8px;
  border-color: hsl(200,96%,35%);
  box-sizing: border-box;
}

.c3:hover {
  color: hsl(200,96%,35%);
}

.c0 {
  box-sizing: border-box;
  padding-left: 40px;
  padding-right: 40px;
  background-color: hsl(200,29%,90%);
  border-radius: 4px;
  min-height: 200px;
  min-width: 50%;
  width: 50%;
  height: 440px;
  display: -webkit-box;
  display: -webkit-flex;
  display: -ms-flexbox;
  display: flex;
  -webkit-box-pack: justify;
  -webkit-justify-content: space-between;
  -ms-flex-pack: justify;
  justify-content: space-between;
  -webkit-align-items: center;
  -webkit-box-align: center;
  -ms-flex-align: center;
  align-items: center;
}

.c0 img {
  display: inline;
  max-width: 80%;
  max-height: 80%;
  -webkit-flex-shrink: 0;
  -ms-flex-negative: 0;
  flex-shrink: 0;
  cursor: pointer;
  border-radius: 4px;
  box-shadow: 0px 9px 24px hsla(200,96%,35%,0.3);
}

.c0 img[data-selected='true'] {
  width: 50%;
}

<div>
  <div
    class="c0"
  >
    <button
      aria-label="Go to the previous image"
      class="c1"
      disabled=""
      type="button"
      variant="standard"
    >
      <svg
        aria-hidden="true"
        class="c2"
        fill="currentcolor"
        height="1em"
        viewBox="0 0 24 24"
        width="1em"
        xmlns="http://www.w3.org/2000/svg"
      >
        <path
          d="M17.7071068,2.70710678 C18.0976311,2.31658249 18.0976311,1.68341751 17.7071068,1.29289322 C17.3165825,0.902368927 16.6834175,0.902368927 16.2928932,1.29289322 L6.29289322,11.2928932 C5.90236893,11.6834175 5.90236893,12.3165825 6.29289322,12.7071068 L16.2928932,22.7071068 C16.6834175,23.0976311 17.3165825,23.0976311 17.7071068,22.7071068 C18.0976311,22.3165825 18.0976311,21.6834175 17.7071068,21.2928932 L8.41421356,12 L17.7071068,2.70710678 Z"
        />
      </svg>
    </button>
    <img
      src="http://placekitten.com/400/450"
      tabindex="0"
    />
    <button
      aria-label="Go to the next image"
      class="c3"
      type="button"
      variant="standard"
    >
      <svg
        aria-hidden="true"
        class="c4"
        fill="currentcolor"
        height="1em"
        viewBox="0 0 24 24"
        width="1em"
        xmlns="http://www.w3.org/2000/svg"
      >
        <path
          d="M17.7071068,2.70710678 C18.0976311,2.31658249 18.0976311,1.68341751 17.7071068,1.29289322 C17.3165825,0.902368927 16.6834175,0.902368927 16.2928932,1.29289322 L6.29289322,11.2928932 C5.90236893,11.6834175 5.90236893,12.3165825 6.29289322,12.7071068 L16.2928932,22.7071068 C16.6834175,23.0976311 17.3165825,23.0976311 17.7071068,22.7071068 C18.0976311,22.3165825 18.0976311,21.6834175 17.7071068,21.2928932 L8.41421356,12 L17.7071068,2.70710678 Z"
          transform="matrix(-1 0 0 1 24 0)"
        />
      </svg>
    </button>
  </div>
</div>
`;
