// Jest Snapshot v1, https://goo.gl/fbAQLP

exports[`component: Spinner snapshot 1`] = `
.c0 {
  vertical-align: middle;
  font-size: 40px;
  -webkit-animation: iVXCSc 0.75s linear infinite;
  animation: iVXCSc 0.75s linear infinite;
}

<div>
  <svg
    class="c0"
    fill="currentcolor"
    height="1em"
    viewBox="0 0 24 24"
    width="1em"
  >
    <path
      d="M12,0 C5.372583,0 0,5.372583 0,12 C0,18.627417 5.372583,24 12,24 C18.627417,24 24,18.627417 24,12 C24,11.4477153 23.5522847,11 23,11 C22.4477153,11 22,11.4477153 22,12 C22,17.5228475 17.5228475,22 12,22 C6.4771525,22 2,17.5228475 2,12 C2,6.4771525 6.4771525,2 12,2 C12.5522847,2 13,1.55228475 13,1 C13,0.44771525 12.5522847,0 12,0 Z"
      transform="rotate(-177 12 12)"
    />
  </svg>
</div>
`;
