// Jest Snapshot v1, https://goo.gl/fbAQLP

exports[`component: Tooltip should render tooltip icon 1`] = `
.c0 {
  vertical-align: middle;
  color: hsl(200,96%,35%);
}

<div>
  <span
    class=""
    data-reach-tooltip-trigger=""
  >
    <svg
      class="c0"
      fill="currentcolor"
      height="1em"
      viewBox="0 0 24 24"
      width="1em"
    >
      <path
        d="M22,12 C22,6.47714622 17.5223159,2 12,2 C6.47523326,2 2,6.47577095 2,12 C2,17.524229 6.47523326,22 12,22 C17.5223159,22 22,17.5228538 22,12 Z M24,12 C24,18.6274771 18.6268316,24 12,24 C5.37060996,24 0,18.6287448 0,12 C0,5.37125524 5.37060996,0 12,0 C18.6268316,0 24,5.37252293 24,12 Z M11.057,15.6442233 L11.057,12.5 L9.27493729,12.5 C8.72265254,12.5 8.27493729,12.0522847 8.27493729,11.5 C8.27493729,10.9477153 8.72265254,10.5 9.27493729,10.5 L12.057,10.5 C12.6092847,10.5 13.057,10.9477153 13.057,11.5 L13.057,15.6442233 L15.0505322,15.6442233 C15.602817,15.6442233 16.0505322,16.0919386 16.0505322,16.6442233 C16.0505322,17.1965081 15.602817,17.6442233 15.0505322,17.6442233 L9,17.6442233 C8.44771525,17.6442233 8,17.1965081 8,16.6442233 C8,16.0919386 8.44771525,15.6442233 9,15.6442233 L11.057,15.6442233 Z M11.5,9 C10.6715729,9 10,8.32842712 10,7.5 C10,6.67157288 10.6715729,6 11.5,6 C12.3284271,6 13,6.67157288 13,7.5 C13,8.32842712 12.3284271,9 11.5,9 Z"
      />
    </svg>
  </span>
  <span
    role="tooltip"
    style="display: block; border: 0px; height: 1px; width: 1px; margin: -1px; padding: 0px; overflow: hidden; position: absolute;"
  >
    pitloot
  </span>
</div>
`;

exports[`component: Tooltip should render tooltip on hover 1`] = `
.c0 {
  z-index: 1;
  pointer-events: none;
  position: absolute;
  padding: 16px;
  border-radius: 8px 8px 8px 8px;
  box-shadow: 0 9px 24px -8px hsl(200,96%,35%);
  font-size: 15px;
  background: hsl(0,0%,100%);
  color: hsl(200,10%,20%);
  border: 2px solid hsl(200,96%,35%);
  box-sizing: border-box;
  overflow-wrap: break-word;
}

<div
  class="c0"
  data-reach-tooltip="true"
  id="tooltip--3"
  role="tooltip"
  style="max-width: 500px; left: -8px; top: 0px; right: 0px; bottom: 0px; height: 0px; width: 0px; border-top-right-radius: 0px;"
>
  This should be displayed
</div>
`;
