// Jest Snapshot v1, https://goo.gl/fbAQLP

exports[`component: ToggleField snapshot 1`] = `
.c2 + .c1 {
  margin-top: 16px;
}

.c4 {
  font-size: 18px;
  line-height: 28px;
  font-weight: 600;
  color: hsl(200,10%,20%);
}

.c8 {
  vertical-align: middle;
  width: 12px;
  height: 12px;
  position: absolute;
  top: 3px;
  left: 25px;
  color: hsl(0,0%,100%);
}

.c10 {
  vertical-align: middle;
  width: 15px;
  height: 15px;
  position: absolute;
  top: 1px;
  left: 5px;
  color: hsl(0,0%,100%);
}

.c6 {
  position: relative;
  width: 45px;
  height: 20px;
  border-radius: 10px;
  outline: none;
  background-color: hsl(200,10%,20%);
  border: 1px solid hsl(200,10%,20%);
  cursor: pointer;
}

.c6:focus {
  box-shadow: 0 0 8px hsl(200,96%,35%);
}

.c6::after {
  width: 18px;
  height: 18px;
  border-radius: 50%;
  content: '';
  top: 0;
  left: 0;
  position: absolute;
  -webkit-transition: -webkit-transform 0.3s;
  -webkit-transition: transform 0.3s;
  transition: transform 0.3s;
  background-color: hsl(0,0%,100%);
}

.c6[aria-checked='true'] {
  background-color: hsl(200,96%,35%);
  border-color: hsl(200,96%,35%);
}

.c6[aria-checked='true']::after {
  -webkit-transform: translateX(25px);
  -ms-transform: translateX(25px);
  transform: translateX(25px);
}

.c6[aria-checked='true'] .c7 {
  opacity: 0;
}

.c6[aria-checked='true'] .c9 {
  opacity: 1;
}

.c6 .c7 {
  opacity: 1;
  -webkit-transition: opacity 0.3s;
  transition: opacity 0.3s;
}

.c6 .c9 {
  opacity: 0;
  -webkit-transition: opacity 0.3s;
  transition: opacity 0.3s;
}

.c6[disabled] {
  background-color: hsl(0,0%,90%);
  border-color: hsl(0,0%,90%);
}

.c0 .c3 {
  cursor: pointer;
  margin-right: 8px;
}

.c0 .c5 {
  vertical-align: text-bottom;
}

<div>
  <div
    class="c0 c1 c2"
  >
    <label
      class="c3 c4"
      for="static-id"
    >
      Enabled
    </label>
    <button
      aria-checked="false"
      class="c5 c6"
      id="static-id"
      name="is_enabled"
      role="switch"
      type="button"
    >
      <svg
        aria-hidden="true"
        class="c7 c8"
        fill="currentcolor"
        height="1em"
        viewBox="0 0 24 24"
        width="1em"
      >
        <path
          d="M13.4142136,12 L22.7071068,21.2928932 C23.0976311,21.6834175 23.0976311,22.3165825 22.7071068,22.7071068 C22.3165825,23.0976311 21.6834175,23.0976311 21.2928932,22.7071068 L12,13.4142136 L2.70710678,22.7071068 C2.31658249,23.0976311 1.68341751,23.0976311 1.29289322,22.7071068 C0.902368927,22.3165825 0.902368927,21.6834175 1.29289322,21.2928932 L10.5857864,12 L1.29289322,2.70710678 C0.902368927,2.31658249 0.902368927,1.68341751 1.29289322,1.29289322 C1.68341751,0.902368927 2.31658249,0.902368927 2.70710678,1.29289322 L12,10.5857864 L21.2928932,1.29289322 C21.6834175,0.902368927 22.3165825,0.902368927 22.7071068,1.29289322 C23.0976311,1.68341751 23.0976311,2.31658249 22.7071068,2.70710678 L13.4142136,12 Z"
        />
      </svg>
      <svg
        aria-hidden="true"
        class="c9 c10"
        fill="currentcolor"
        height="1em"
        viewBox="0 0 24 24"
        width="1em"
      >
        <path
          d="M9.81384674,19.7396292 C9.5249491,19.7396292 9.24415138,19.6325301 9.02725315,19.4381317 L3.38789908,14.3504731 C2.906403,13.9166766 2.86770331,13.1741827 3.30239977,12.6926866 C3.73619624,12.2120905 4.47869019,12.1724908 4.96018627,12.6071873 L9.67974783,16.8641526 L18.9127726,5.4369457 C19.3204693,4.93204981 20.0593633,4.85285046 20.5642592,5.26144713 C21.0682551,5.66914381 21.1465544,6.40803779 20.7388578,6.91293368 L10.7273393,19.3040328 C10.524841,19.5542307 10.2269434,19.7108295 9.90654599,19.7369292 C9.87504624,19.7387292 9.84444649,19.7396292 9.81384674,19.7396292"
        />
      </svg>
    </button>
  </div>
</div>
`;

exports[`component: ToggleField snapshot when disabled 1`] = `
.c2 + .c1 {
  margin-top: 16px;
}

.c4 {
  font-size: 18px;
  line-height: 28px;
  font-weight: 600;
  color: hsl(200,10%,20%);
}

.c8 {
  vertical-align: middle;
  width: 12px;
  height: 12px;
  position: absolute;
  top: 3px;
  left: 25px;
  color: hsl(0,0%,100%);
}

.c10 {
  vertical-align: middle;
  width: 15px;
  height: 15px;
  position: absolute;
  top: 1px;
  left: 5px;
  color: hsl(0,0%,100%);
}

.c11[aria-checked='true'] .c7 {
  opacity: 0;
}

.c11[aria-checked='true'] .c9 {
  opacity: 1;
}

.c11 .c7 {
  opacity: 1;
  -webkit-transition: opacity 0.3s;
  transition: opacity 0.3s;
}

.c11 .c9 {
  opacity: 0;
  -webkit-transition: opacity 0.3s;
  transition: opacity 0.3s;
}

.c6 {
  position: relative;
  width: 45px;
  height: 20px;
  border-radius: 10px;
  outline: none;
  background-color: hsl(200,10%,20%);
  border: 1px solid hsl(200,10%,20%);
  cursor: cursor;
}

.c6:focus {
  box-shadow: 0 0 8px hsl(200,96%,35%);
}

.c6::after {
  width: 18px;
  height: 18px;
  border-radius: 50%;
  content: '';
  top: 0;
  left: 0;
  position: absolute;
  -webkit-transition: -webkit-transform 0.3s;
  -webkit-transition: transform 0.3s;
  transition: transform 0.3s;
  background-color: hsl(0,0%,100%);
}

.c6[aria-checked='true'] {
  background-color: hsl(200,96%,35%);
  border-color: hsl(200,96%,35%);
}

.c6[aria-checked='true']::after {
  -webkit-transform: translateX(25px);
  -ms-transform: translateX(25px);
  transform: translateX(25px);
}

.c6[aria-checked='true'] .c7 {
  opacity: 0;
}

.c6[aria-checked='true'] .c9 {
  opacity: 1;
}

.c6 .c7 {
  opacity: 1;
  -webkit-transition: opacity 0.3s;
  transition: opacity 0.3s;
}

.c6 .c9 {
  opacity: 0;
  -webkit-transition: opacity 0.3s;
  transition: opacity 0.3s;
}

.c6[disabled] {
  background-color: hsl(0,0%,90%);
  border-color: hsl(0,0%,90%);
}

.c0 .c3 {
  cursor: pointer;
  margin-right: 8px;
}

.c0 .c5 {
  vertical-align: text-bottom;
}

<div>
  <div
    class="c0 c1 c2"
  >
    <label
      class="c3 c4"
      for="static-id"
    >
      Enabled
    </label>
    <button
      aria-checked="false"
      class="c5 c6"
      disabled=""
      id="static-id"
      name="is_enabled"
      role="switch"
      type="button"
    >
      <svg
        aria-hidden="true"
        class="c7 c8"
        fill="currentcolor"
        height="1em"
        viewBox="0 0 24 24"
        width="1em"
      >
        <path
          d="M13.4142136,12 L22.7071068,21.2928932 C23.0976311,21.6834175 23.0976311,22.3165825 22.7071068,22.7071068 C22.3165825,23.0976311 21.6834175,23.0976311 21.2928932,22.7071068 L12,13.4142136 L2.70710678,22.7071068 C2.31658249,23.0976311 1.68341751,23.0976311 1.29289322,22.7071068 C0.902368927,22.3165825 0.902368927,21.6834175 1.29289322,21.2928932 L10.5857864,12 L1.29289322,2.70710678 C0.902368927,2.31658249 0.902368927,1.68341751 1.29289322,1.29289322 C1.68341751,0.902368927 2.31658249,0.902368927 2.70710678,1.29289322 L12,10.5857864 L21.2928932,1.29289322 C21.6834175,0.902368927 22.3165825,0.902368927 22.7071068,1.29289322 C23.0976311,1.68341751 23.0976311,2.31658249 22.7071068,2.70710678 L13.4142136,12 Z"
        />
      </svg>
      <svg
        aria-hidden="true"
        class="c9 c10"
        fill="currentcolor"
        height="1em"
        viewBox="0 0 24 24"
        width="1em"
      >
        <path
          d="M9.81384674,19.7396292 C9.5249491,19.7396292 9.24415138,19.6325301 9.02725315,19.4381317 L3.38789908,14.3504731 C2.906403,13.9166766 2.86770331,13.1741827 3.30239977,12.6926866 C3.73619624,12.2120905 4.47869019,12.1724908 4.96018627,12.6071873 L9.67974783,16.8641526 L18.9127726,5.4369457 C19.3204693,4.93204981 20.0593633,4.85285046 20.5642592,5.26144713 C21.0682551,5.66914381 21.1465544,6.40803779 20.7388578,6.91293368 L10.7273393,19.3040328 C10.524841,19.5542307 10.2269434,19.7108295 9.90654599,19.7369292 C9.87504624,19.7387292 9.84444649,19.7396292 9.81384674,19.7396292"
        />
      </svg>
    </button>
  </div>
</div>
`;

exports[`component: ToggleField snapshot when value=true 1`] = `
.c2 + .c1 {
  margin-top: 16px;
}

.c4 {
  font-size: 18px;
  line-height: 28px;
  font-weight: 600;
  color: hsl(200,10%,20%);
}

.c8 {
  vertical-align: middle;
  width: 12px;
  height: 12px;
  position: absolute;
  top: 3px;
  left: 25px;
  color: hsl(0,0%,100%);
}

.c10 {
  vertical-align: middle;
  width: 15px;
  height: 15px;
  position: absolute;
  top: 1px;
  left: 5px;
  color: hsl(0,0%,100%);
}

.c6 {
  position: relative;
  width: 45px;
  height: 20px;
  border-radius: 10px;
  outline: none;
  background-color: hsl(200,10%,20%);
  border: 1px solid hsl(200,10%,20%);
  cursor: pointer;
}

.c6:focus {
  box-shadow: 0 0 8px hsl(200,96%,35%);
}

.c6::after {
  width: 18px;
  height: 18px;
  border-radius: 50%;
  content: '';
  top: 0;
  left: 0;
  position: absolute;
  -webkit-transition: -webkit-transform 0.3s;
  -webkit-transition: transform 0.3s;
  transition: transform 0.3s;
  background-color: hsl(0,0%,100%);
}

.c6[aria-checked='true'] {
  background-color: hsl(200,96%,35%);
  border-color: hsl(200,96%,35%);
}

.c6[aria-checked='true']::after {
  -webkit-transform: translateX(25px);
  -ms-transform: translateX(25px);
  transform: translateX(25px);
}

.c6[aria-checked='true'] .c7 {
  opacity: 0;
}

.c6[aria-checked='true'] .c9 {
  opacity: 1;
}

.c6 .c7 {
  opacity: 1;
  -webkit-transition: opacity 0.3s;
  transition: opacity 0.3s;
}

.c6 .c9 {
  opacity: 0;
  -webkit-transition: opacity 0.3s;
  transition: opacity 0.3s;
}

.c6[disabled] {
  background-color: hsl(0,0%,90%);
  border-color: hsl(0,0%,90%);
}

.c0 .c3 {
  cursor: pointer;
  margin-right: 8px;
}

.c0 .c5 {
  vertical-align: text-bottom;
}

<div>
  <div
    class="c0 c1 c2"
  >
    <label
      class="c3 c4"
      for="static-id"
    >
      Enabled
    </label>
    <button
      aria-checked="true"
      class="c5 c6"
      id="static-id"
      name="is_enabled"
      role="switch"
      type="button"
    >
      <svg
        aria-hidden="true"
        class="c7 c8"
        fill="currentcolor"
        height="1em"
        viewBox="0 0 24 24"
        width="1em"
      >
        <path
          d="M13.4142136,12 L22.7071068,21.2928932 C23.0976311,21.6834175 23.0976311,22.3165825 22.7071068,22.7071068 C22.3165825,23.0976311 21.6834175,23.0976311 21.2928932,22.7071068 L12,13.4142136 L2.70710678,22.7071068 C2.31658249,23.0976311 1.68341751,23.0976311 1.29289322,22.7071068 C0.902368927,22.3165825 0.902368927,21.6834175 1.29289322,21.2928932 L10.5857864,12 L1.29289322,2.70710678 C0.902368927,2.31658249 0.902368927,1.68341751 1.29289322,1.29289322 C1.68341751,0.902368927 2.31658249,0.902368927 2.70710678,1.29289322 L12,10.5857864 L21.2928932,1.29289322 C21.6834175,0.902368927 22.3165825,0.902368927 22.7071068,1.29289322 C23.0976311,1.68341751 23.0976311,2.31658249 22.7071068,2.70710678 L13.4142136,12 Z"
        />
      </svg>
      <svg
        aria-hidden="true"
        class="c9 c10"
        fill="currentcolor"
        height="1em"
        viewBox="0 0 24 24"
        width="1em"
      >
        <path
          d="M9.81384674,19.7396292 C9.5249491,19.7396292 9.24415138,19.6325301 9.02725315,19.4381317 L3.38789908,14.3504731 C2.906403,13.9166766 2.86770331,13.1741827 3.30239977,12.6926866 C3.73619624,12.2120905 4.47869019,12.1724908 4.96018627,12.6071873 L9.67974783,16.8641526 L18.9127726,5.4369457 C19.3204693,4.93204981 20.0593633,4.85285046 20.5642592,5.26144713 C21.0682551,5.66914381 21.1465544,6.40803779 20.7388578,6.91293368 L10.7273393,19.3040328 C10.524841,19.5542307 10.2269434,19.7108295 9.90654599,19.7369292 C9.87504624,19.7387292 9.84444649,19.7396292 9.81384674,19.7396292"
        />
      </svg>
    </button>
  </div>
</div>
`;
