// Jest Snapshot v1, https://goo.gl/fbAQLP

exports[`component: Divider snapshot 1`] = `
.c0 {
  border: none;
  height: 1px;
  color: hsl(200,29%,90%);
  background-color: hsl(200,29%,90%);
}

<div>
  <hr
    class="c0"
  />
</div>
`;
