// Jest Snapshot v1, https://goo.gl/fbAQLP

exports[`component: BrandBar snapshot 1`] = `
.c3 {
  margin-right: 8px;
  vertical-align: middle;
}

.c5 {
  margin-left: 8px;
  vertical-align: middle;
}

.c0 {
  display: -webkit-box;
  display: -webkit-flex;
  display: -ms-flexbox;
  display: flex;
  -webkit-box-pack: center;
  -webkit-justify-content: center;
  -ms-flex-pack: center;
  justify-content: center;
  -webkit-align-items: flex-end;
  -webkit-box-align: flex-end;
  -ms-flex-align: flex-end;
  align-items: flex-end;
  width: 100%;
  box-shadow: inset 0px -1px 0px 0px hsl(200,29%,90%);
}

.c1 {
  padding: 16px;
  max-width: 200px;
  max-height: 80px;
}

.c1 > * {
  max-width: 100%;
  max-height: 100%;
}

.c2 {
  display: none;
}

@media screen and (min-width:768px) {
  .c0 {
    -webkit-box-pack: justify;
    -webkit-justify-content: space-between;
    -ms-flex-pack: justify;
    justify-content: space-between;
  }
}

@media screen and (min-width:768px) {
  .c2 {
    margin-right: 5px;
    background-color: transparent;
    border: 0;
    display: -webkit-box;
    display: -webkit-flex;
    display: -ms-flexbox;
    display: flex;
    -webkit-align-items: center;
    -webkit-box-align: center;
    -ms-flex-align: center;
    align-items: center;
    padding: 16px;
    cursor: pointer;
  }

  .c2:focus {
    box-shadow: inset 0px 0px 0px 1px hsl(200,96%,35%);
    outline: none;
  }

  .c2[aria-expanded='true'] {
    box-shadow: inset 0px -1px 0px 0px hsl(200,96%,35%);
    color: hsl(200,96%,35%);
  }

  .c2[aria-expanded='true'] .c4 {
    -webkit-transform: rotate3d(1,0,0,180deg);
    -ms-transform: rotate3d(1,0,0,180deg);
    transform: rotate3d(1,0,0,180deg);
  }

  .c2:hover svg,
  .c2:hover span {
    color: hsl(200,96%,35%);
  }

  .c2 svg {
    font-size: 12px;
  }

  .c2 span {
    font-weight: 600;
    font-size: 18px;
  }
}

@media screen and (min-width:1024px) {

}

<div>
  <div
    class="c0"
  >
    <div
      class="c1"
    />
    <button
      aria-controls="menu--1"
      aria-haspopup="true"
      class="c2"
      data-reach-menu-button=""
      id="menu-button--menu--1"
      type="button"
    >
      <svg
        class="c3"
        fill="currentcolor"
        height="1em"
        mr="8px"
        viewBox="0 0 24 24"
        width="1em"
      >
        <path
          d="M12,14 C8.66390125,14 6,11.0697086 6,7.5 C6,3.93029138 8.66390125,1 12,1 C15.3360987,1 18,3.93029138 18,7.5 C18,11.0697086 15.3360987,14 12,14 Z M12,12 C14.1867487,12 16,10.0054236 16,7.5 C16,4.99457638 14.1867487,3 12,3 C9.81325125,3 8,4.99457638 8,7.5 C8,10.0054236 9.81325125,12 12,12 Z M2.45149933,22.6626662 C2.13244151,23.1134661 1.50834851,23.2202642 1.05754861,22.9012064 C0.606748712,22.5821485 0.499950658,21.9580555 0.819008481,21.5072556 C3.90518485,17.1467671 7.65108363,14.9179688 12,14.9179688 C16.3564684,14.9179688 20.0355137,17.1550465 22.9722241,21.5273973 C23.2801579,21.9858678 23.1581239,22.6071613 22.6996535,22.9150951 C22.241183,23.223029 21.6198895,23.100995 21.3119556,22.6425246 C18.7258796,18.7922191 15.6435316,16.9179688 12,16.9179688 C8.34891637,16.9179688 5.18498442,18.8004986 2.45149933,22.6626662 Z"
        />
      </svg>
      <span>
        Test name
      </span>
      <svg
        aria-hidden="true"
        class="c4 c5"
        fill="currentcolor"
        height="1em"
        ml="8px"
        viewBox="0 0 24 24"
        width="1em"
      >
        <path
          d="M17.7071068,2.70710678 C18.0976311,2.31658249 18.0976311,1.68341751 17.7071068,1.29289322 C17.3165825,0.902368927 16.6834175,0.902368927 16.2928932,1.29289322 L6.29289322,11.2928932 C5.90236893,11.6834175 5.90236893,12.3165825 6.29289322,12.7071068 L16.2928932,22.7071068 C16.6834175,23.0976311 17.3165825,23.0976311 17.7071068,22.7071068 C18.0976311,22.3165825 18.0976311,21.6834175 17.7071068,21.2928932 L8.41421356,12 L17.7071068,2.70710678 Z"
          transform="rotate(-90 12 12)"
        />
      </svg>
    </button>
  </div>
</div>
`;
