// Jest Snapshot v1, https://goo.gl/fbAQLP

exports[`component: DataGrid snapshot 1`] = `
.c9 {
  vertical-align: middle;
}

.c15 {
  font-size: 8px;
  vertical-align: middle;
}

.c19 {
  vertical-align: middle;
}

.c20 {
  vertical-align: middle;
}

.c16 {
  display: -webkit-box;
  display: -webkit-flex;
  display: -ms-flexbox;
  display: flex;
  -webkit-flex-wrap: nowrap;
  -ms-flex-wrap: nowrap;
  flex-wrap: nowrap;
  list-style: none;
  margin: 0;
  padding: 0;
}

.c17 {
  min-width: 15px;
  height: 24px;
  text-align: center;
  background: none;
  -webkit-appearance: none;
  -moz-appearance: none;
  appearance: none;
  padding: 2px 8px;
  display: block;
  border-left: 1px solid hsl(200,29%,90%);
}

.c17,
.c17:link {
  color: hsl(200,10%,20%);
  font-size: 15px;
  line-height: 18px;
  -webkit-text-decoration: none;
  text-decoration: none;
}

.c17:last-child {
  border-right: 1px solid hsl(200,29%,90%);
}

.c17 svg {
  width: 15px;
  height: 15px;
  vertical-align: middle;
}

.c18 {
  cursor: pointer;
  padding: 3px;
  vertical-align: middle;
  line-height: 18px;
  display: block;
  border-radius: 8px;
  -webkit-text-decoration: none;
  text-decoration: none;
  color: inherit;
  border: none;
  background-color: transparent;
  font: inherit;
}

.c18:visited {
  color: hsl(200,18%,45%);
}

.c18:hover {
  color: hsl(200,96%,35%);
}

.c18:active,
.c18:focus {
  padding: 3px;
  outline: none;
  background-color: hsl(200,96%,35%);
  color: hsl(0,0%,100%);
}

.c18::-moz-focus-inner {
  border: none;
}

.c18[disabled],
.c18[aria-disabled='true'] {
  color: hsl(0,0%,90%);
  background-color: transparent;
  cursor: default;
}

.c18[aria-current='page'] {
  background-color: hsl(200,96%,11%);
  color: hsl(0,0%,100%);
}

.c3 {
  max-width: 100%;
  overflow-x: auto;
  margin: 0px 16px;
}

.c6 {
  text-align: left;
  padding: 16px;
  min-width: calc(160px * 0.7125);
}

.c5.c5.c5.c5.c5 th,
.c5.c5.c5.c5.c5 td {
  text-transform: uppercase;
  border: 1px solid hsl(200,96%,11%);
  background-color: hsl(200,96%,11%);
  color: hsl(0,0%,100%);
}

.c4 {
  color: hsl(200,10%,20%);
  display: table;
  font-size: 15px;
  line-height: 1.6;
  border-spacing: 0;
}

.c4 th {
  font-weight: 600;
}

.c4 td,
.c4 th {
  background-color: hsl(0,0%,100%);
  border-top: 1px solid transparent;
  border-bottom: 1px solid transparent;
}

.c4 td:first-child,
.c4 th:first-child {
  border-left: 1px solid hsl(200,29%,90%);
}

.c4 td:last-child,
.c4 th:last-child {
  border-right: 1px solid hsl(200,29%,90%);
}

.c4 tr:nth-of-type(even) td,
.c4 tr:nth-of-type(even) th {
  background-color: hsl(200,29%,90%);
}

.c4.c4.c4 tr:hover th,
.c4.c4.c4 tr:hover td {
  border-color: hsl(200,96%,35%);
}

.c4.c4.c4 tr:focus {
  outline: 0;
}

.c4.c4.c4 tr:focus td,
.c4.c4.c4 tr:focus th {
  background-color: hsla(200,96%,35%,0.3);
  border-color: hsl(200,96%,35%);
}

.c4 > tr:first-of-type th,
.c4 tbody > tr:first-child th,
.c4 thead > tr:first-child th,
.c4 > tr:first-of-type td,
.c4 tbody > tr:first-child td,
.c4 thead > tr:first-child td {
  border-top-color: hsl(200,29%,90%);
}

.c4 > tr:first-of-type th:first-child,
.c4 tbody > tr:first-child th:first-child,
.c4 thead > tr:first-child th:first-child,
.c4 > tr:first-of-type td:first-child,
.c4 tbody > tr:first-child td:first-child,
.c4 thead > tr:first-child td:first-child {
  border-top-left-radius: 8px;
}

.c4 > tr:first-of-type th:last-child,
.c4 tbody > tr:first-child th:last-child,
.c4 thead > tr:first-child th:last-child,
.c4 > tr:first-of-type td:last-child,
.c4 tbody > tr:first-child td:last-child,
.c4 thead > tr:first-child td:last-child {
  border-top-right-radius: 8px;
}

.c4.c4 > thead + tr:first-of-type th,
.c4.c4 > thead + tbody > tr:first-child th,
.c4.c4 > thead + tr:first-of-type td,
.c4.c4 > thead + tbody > tr:first-child td {
  border-top-color: transparent;
  border-top-left-radius: 0px;
  border-top-right-radius: 0px;
}

.c4 > tr:last-child th,
.c4 tbody:last-child > tr:last-child th,
.c4 thead:last-child > tr:last-child th,
.c4 tfoot:last-child > tr:last-child th,
.c4 > tr:last-child td,
.c4 tbody:last-child > tr:last-child td,
.c4 thead:last-child > tr:last-child td,
.c4 tfoot:last-child > tr:last-child td {
  border-bottom-color: hsl(200,29%,90%);
}

.c4 > tr:last-child th:first-child,
.c4 tbody:last-child > tr:last-child th:first-child,
.c4 thead:last-child > tr:last-child th:first-child,
.c4 tfoot:last-child > tr:last-child th:first-child,
.c4 > tr:last-child td:first-child,
.c4 tbody:last-child > tr:last-child td:first-child,
.c4 thead:last-child > tr:last-child td:first-child,
.c4 tfoot:last-child > tr:last-child td:first-child {
  border-bottom-left-radius: 8px;
}

.c4 > tr:last-child th:last-child,
.c4 tbody:last-child > tr:last-child th:last-child,
.c4 thead:last-child > tr:last-child th:last-child,
.c4 tfoot:last-child > tr:last-child th:last-child,
.c4 > tr:last-child td:last-child,
.c4 tbody:last-child > tr:last-child td:last-child,
.c4 thead:last-child > tr:last-child td:last-child,
.c4 tfoot:last-child > tr:last-child td:last-child {
  border-bottom-right-radius: 8px;
}

.c0 {
  display: inline;
  -webkit-flex-direction: column;
  -ms-flex-direction: column;
  flex-direction: column;
  width: auto;
  overflow-x: auto;
}

.c0 .results-count {
  margin-bottom: 40px;
  margin-left: 16px;
  margin-right: auto;
}

.c0 th .c8 {
  margin-left: 8px;
}

.c0 .flip-chevron .c8 {
  -webkit-transform: rotate3d(1,0,0,180deg);
  -ms-transform: rotate3d(1,0,0,180deg);
  transform: rotate3d(1,0,0,180deg);
}

.c0 .pagination {
  display: -webkit-box;
  display: -webkit-flex;
  display: -ms-flexbox;
  display: flex;
  -webkit-box-pack: center;
  -webkit-justify-content: center;
  -ms-flex-pack: center;
  justify-content: center;
  margin-right: 16px;
  margin-top: 40px;
}

.c7 {
  background: none;
  border: none;
  color: inherit;
  font-size: inherit;
  text-transform: inherit;
  font-weight: inherit;
  padding: 0;
  cursor: pointer;
  position: relative;
  overflow: visible;
}

.c7:focus {
  outline: none;
}

.c7:focus:after {
  content: '';
  box-sizing: border-box;
  position: absolute;
  height: calc(100% + 8px);
  width: calc(100% + 16px);
  bottom: -4px;
  right: -8px;
  border-color: hsl(200,29%,90%);
  border-radius: 20px;
  border: 1px solid;
}

.c1 {
  display: -webkit-box;
  display: -webkit-flex;
  display: -ms-flexbox;
  display: flex;
  -webkit-flex-direction: column;
  -ms-flex-direction: column;
  flex-direction: column;
  -webkit-align-items: center;
  -webkit-box-align: center;
  -ms-flex-align: center;
  align-items: center;
  padding: 0 16px;
  margin-bottom: 40px;
}

.c1 .results-count-text {
  margin-bottom: 8px;
}

.c2 {
  display: -webkit-inline-box;
  display: inline-box;
}

.c2 span {
  margin-right: 8px;
}

.c2 .page-options-list {
  display: -webkit-inline-box;
  display: -webkit-inline-flex;
  display: -ms-inline-flexbox;
  display: inline-flex;
  -webkit-flex-wrap: nowrap;
  -ms-flex-wrap: nowrap;
  flex-wrap: nowrap;
  list-style: none;
  margin: 0;
  padding: 0;
}

.c2 .page-option {
  min-width: 15px;
  height: 24px;
  text-align: center;
  background: none;
  -webkit-appearance: none;
  -moz-appearance: none;
  appearance: none;
  padding: 2px 8px;
  display: block;
  border-left: 1px solid hsl(200,29%,90%);
}

.c2 .page-option:last-child {
  border-right: 1px solid hsl(200,29%,90%);
}

.c2 .page-option,
.c2 .page-option a {
  color: hsl(200,10%,20%);
  font-size: 15px;
  line-height: 18px;
  -webkit-text-decoration: none;
  text-decoration: none;
}

.c2 .page-option a {
  cursor: pointer;
  padding: 3px;
  vertical-align: middle;
  line-height: 18px;
  display: block;
  border-radius: 8px;
  -webkit-text-decoration: none;
  text-decoration: none;
  color: inherit;
}

.c2 .page-option a:hover {
  color: hsl(200,96%,35%);
}

.c2 .page-option a:active,
.c2 .page-option a:focus {
  padding: 3px;
  outline: none;
  background-color: hsl(200,96%,35%);
  color: hsl(0,0%,100%);
}

.c2 .page-option a[aria-selected='true'] {
  background-color: hsl(200,96%,11%);
  color: hsl(0,0%,100%);
}

.c12 {
  box-sizing: border-box;
  border: 1px solid;
  border-radius: 20px 1px 1px 20px;
  background-color: hsl(0,0%,100%);
  height: 32px;
  outline: none;
  font-size: 18px;
  line-height: 1.5;
  font-weight: 400;
  cursor: pointer;
  padding-left: 12px;
  padding-right: 12px;
}

.c12 svg {
  margin-right: 4px;
  margin-bottom: 3px;
}

.c12::-moz-focus-inner {
  border: 0;
}

.c12.dd-closed {
  border-color: hsl(200,10%,20%);
}

.c12.dd-closed:hover,
.c12.dd-closed:focus {
  border-color: hsl(200,96%,35%);
}

.c12.dd-open {
  border-color: hsl(200,96%,35%);
}

.c14 {
  box-sizing: border-box;
  background-color: hsl(200,10%,20%);
  height: 32px;
  width: 36px;
  border-radius: 1px 20px 20px 1px;
  margin-left: 1px;
  border: 0px;
  outline: none;
  cursor: pointer;
}

.c14 .c8 {
  width: 10px;
  height: 10px;
  color: hsl(0,0%,100%);
}

.c14:hover,
.c14:focus {
  background-color: hsl(200,96%,35%);
}

.c14[aria-expanded='true'] ~ .c11 {
  border-color: hsl(200,96%,35%);
}

.c10 {
  display: -webkit-inline-box;
  display: -webkit-inline-flex;
  display: -ms-inline-flexbox;
  display: inline-flex;
}

.c10 .c13[aria-expanded='true'] {
  background-color: hsl(200,96%,35%);
}

.c10 .c13[aria-expanded='true'] .c8 {
  -webkit-transform: rotate3d(1,0,0,180deg);
  -ms-transform: rotate3d(1,0,0,180deg);
  transform: rotate3d(1,0,0,180deg);
}

.c10 .c13[aria-expanded='true'] + .c11 {
  border-color: hsl(200,96%,35%);
}

@media screen and (min-width:1024px) {
  .c17,
  .c17:link {
    font-size: 15px;
  }
}

@media screen and (min-width:1200px) {
  .c6 {
    min-width: calc(160px * 0.875);
  }
}

@media screen and (min-width:1440px) {
  .c6 {
    min-width: 160px;
  }
}

@media screen and (min-width:1024px) {
  .c4 {
    font-size: 15px;
    line-height: 1.6;
  }
}

@media screen and (min-width:1024px) {
  .c0 {
    display: -webkit-inline-box;
    display: -webkit-inline-flex;
    display: -ms-inline-flexbox;
    display: inline-flex;
  }
}

@media screen and (min-width:1024px) {
  .c0 .pagination {
    -webkit-box-pack: end;
    -webkit-justify-content: flex-end;
    -ms-flex-pack: end;
    justify-content: flex-end;
  }
}

@media screen and (min-width:1024px) {
  .c1 {
    -webkit-flex-direction: row;
    -ms-flex-direction: row;
    flex-direction: row;
    -webkit-align-items: flex-start;
    -webkit-box-align: flex-start;
    -ms-flex-align: flex-start;
    align-items: flex-start;
  }

  .c1 .results-count-text: {
    margin-bottom: 0;
  }
}

@media screen and (min-width:1024px) {
  .c2 {
    margin-left: auto;
  }
}

@media screen and (min-width:1024px) {
  .c2 .page-option,
  .c2 .page-option a {
    font-size: 15px;
  }
}

@media screen and (min-width:1024px) {
  .c12 {
    font-size: 18px;
    line-height: 1.5;
  }
}

<div>
  <div
    class="c0"
  >
    <div
      class="c1"
    >
      <span
        class="results-count-text"
      >
        Showing 1 to 4 of 11
      </span>
      <div
        class="c2"
      >
        <span>
          View
        </span>
        <ol
          class="page-options-list"
        >
          <li
            class="page-option"
          >
            <a
              aria-label="View 4 rows per page"
              aria-selected="true"
              role="link"
            >
              4
            </a>
          </li>
          <li
            class="page-option"
          >
            <a
              aria-label="View 6 rows per page"
              aria-selected="false"
              role="link"
              tabindex="0"
            >
              6
            </a>
          </li>
          <li
            class="page-option"
          >
            <a
              aria-label="View 12 rows per page"
              aria-selected="false"
              role="link"
              tabindex="0"
            >
              12
            </a>
          </li>
        </ol>
      </div>
    </div>
    <div
      class="c3"
    >
      <table
        class="c4"
      >
        <thead
          class="c5"
        >
          <tr>
            <th
              class="c6 table-cell "
            >
              Name
            </th>
            <th
              aria-sort="descending"
              class="c6 table-cell "
            >
              <button
                class="c7"
              >
                Created
                <svg
                  aria-hidden="true"
                  class="c8 c9"
                  fill="currentcolor"
                  height="1em"
                  viewBox="0 0 24 24"
                  width="1em"
                >
                  <path
                    d="M17.7071068,2.70710678 C18.0976311,2.31658249 18.0976311,1.68341751 17.7071068,1.29289322 C17.3165825,0.902368927 16.6834175,0.902368927 16.2928932,1.29289322 L6.29289322,11.2928932 C5.90236893,11.6834175 5.90236893,12.3165825 6.29289322,12.7071068 L16.2928932,22.7071068 C16.6834175,23.0976311 17.3165825,23.0976311 17.7071068,22.7071068 C18.0976311,22.3165825 18.0976311,21.6834175 17.7071068,21.2928932 L8.41421356,12 L17.7071068,2.70710678 Z"
                    transform="rotate(-90 12 12)"
                  />
                </svg>
              </button>
            </th>
            <th
              aria-sort="none"
              class="c6 table-cell "
            >
              <button
                class="c7"
              >
                Active
              </button>
            </th>
            <th
              class="c6"
            />
          </tr>
        </thead>
        <tbody>
          <tr
            tabindex="0"
          >
            <td
              class="c6"
            >
              Config 1
            </td>
            <td
              class="c6"
            >
              4/13/2020
            </td>
            <td
              class="c6"
            >
              <div>
                YES
              </div>
            </td>
            <td
              class="c6"
            >
              <div
                class="c10"
              >
                <button
                  class="c11 c12 dd-closed"
                  type="button"
                >
                  Edit
                </button>
                <button
                  aria-controls="menu--1"
                  aria-haspopup="true"
                  aria-label="Action List"
                  class="c13 c14"
                  data-reach-menu-button=""
                  id="menu-button--menu--1"
                  type="button"
                >
                  <svg
                    aria-hidden="true"
                    class="c8 c15"
                    fill="currentcolor"
                    height="1em"
                    viewBox="0 0 24 24"
                    width="1em"
                  >
                    <path
                      d="M17.7071068,2.70710678 C18.0976311,2.31658249 18.0976311,1.68341751 17.7071068,1.29289322 C17.3165825,0.902368927 16.6834175,0.902368927 16.2928932,1.29289322 L6.29289322,11.2928932 C5.90236893,11.6834175 5.90236893,12.3165825 6.29289322,12.7071068 L16.2928932,22.7071068 C16.6834175,23.0976311 17.3165825,23.0976311 17.7071068,22.7071068 C18.0976311,22.3165825 18.0976311,21.6834175 17.7071068,21.2928932 L8.41421356,12 L17.7071068,2.70710678 Z"
                      transform="rotate(-90 12 12)"
                    />
                  </svg>
                </button>
              </div>
            </td>
          </tr>
          <tr
            tabindex="0"
          >
            <td
              class="c6"
            >
              Config 2
            </td>
            <td
              class="c6"
            >
              5/25/2019
            </td>
            <td
              class="c6"
            >
              <div>
                YES
              </div>
            </td>
            <td
              class="c6"
            >
              <div
                class="c10"
              >
                <button
                  class="c11 c12 dd-closed"
                  type="button"
                >
                  Edit
                </button>
                <button
                  aria-controls="menu--2"
                  aria-haspopup="true"
                  aria-label="Action List"
                  class="c13 c14"
                  data-reach-menu-button=""
                  id="menu-button--menu--2"
                  type="button"
                >
                  <svg
                    aria-hidden="true"
                    class="c8 c15"
                    fill="currentcolor"
                    height="1em"
                    viewBox="0 0 24 24"
                    width="1em"
                  >
                    <path
                      d="M17.7071068,2.70710678 C18.0976311,2.31658249 18.0976311,1.68341751 17.7071068,1.29289322 C17.3165825,0.902368927 16.6834175,0.902368927 16.2928932,1.29289322 L6.29289322,11.2928932 C5.90236893,11.6834175 5.90236893,12.3165825 6.29289322,12.7071068 L16.2928932,22.7071068 C16.6834175,23.0976311 17.3165825,23.0976311 17.7071068,22.7071068 C18.0976311,22.3165825 18.0976311,21.6834175 17.7071068,21.2928932 L8.41421356,12 L17.7071068,2.70710678 Z"
                      transform="rotate(-90 12 12)"
                    />
                  </svg>
                </button>
              </div>
            </td>
          </tr>
          <tr
            tabindex="0"
          >
            <td
              class="c6"
            >
              Config 3
            </td>
            <td
              class="c6"
            >
              8/16/2019
            </td>
            <td
              class="c6"
            >
              <div>
                NO
              </div>
            </td>
            <td
              class="c6"
            >
              <div
                class="c10"
              >
                <button
                  class="c11 c12 dd-closed"
                  type="button"
                >
                  Edit
                </button>
                <button
                  aria-controls="menu--3"
                  aria-haspopup="true"
                  aria-label="Action List"
                  class="c13 c14"
                  data-reach-menu-button=""
                  id="menu-button--menu--3"
                  type="button"
                >
                  <svg
                    aria-hidden="true"
                    class="c8 c15"
                    fill="currentcolor"
                    height="1em"
                    viewBox="0 0 24 24"
                    width="1em"
                  >
                    <path
                      d="M17.7071068,2.70710678 C18.0976311,2.31658249 18.0976311,1.68341751 17.7071068,1.29289322 C17.3165825,0.902368927 16.6834175,0.902368927 16.2928932,1.29289322 L6.29289322,11.2928932 C5.90236893,11.6834175 5.90236893,12.3165825 6.29289322,12.7071068 L16.2928932,22.7071068 C16.6834175,23.0976311 17.3165825,23.0976311 17.7071068,22.7071068 C18.0976311,22.3165825 18.0976311,21.6834175 17.7071068,21.2928932 L8.41421356,12 L17.7071068,2.70710678 Z"
                      transform="rotate(-90 12 12)"
                    />
                  </svg>
                </button>
              </div>
            </td>
          </tr>
          <tr
            tabindex="0"
          >
            <td
              class="c6"
            >
              Config 4
            </td>
            <td
              class="c6"
            >
              2/20/2019
            </td>
            <td
              class="c6"
            >
              <div>
                YES
              </div>
            </td>
            <td
              class="c6"
            >
              <div
                class="c10"
              >
                <button
                  class="c11 c12 dd-closed"
                  type="button"
                >
                  Edit
                </button>
                <button
                  aria-controls="menu--4"
                  aria-haspopup="true"
                  aria-label="Action List"
                  class="c13 c14"
                  data-reach-menu-button=""
                  id="menu-button--menu--4"
                  type="button"
                >
                  <svg
                    aria-hidden="true"
                    class="c8 c15"
                    fill="currentcolor"
                    height="1em"
                    viewBox="0 0 24 24"
                    width="1em"
                  >
                    <path
                      d="M17.7071068,2.70710678 C18.0976311,2.31658249 18.0976311,1.68341751 17.7071068,1.29289322 C17.3165825,0.902368927 16.6834175,0.902368927 16.2928932,1.29289322 L6.29289322,11.2928932 C5.90236893,11.6834175 5.90236893,12.3165825 6.29289322,12.7071068 L16.2928932,22.7071068 C16.6834175,23.0976311 17.3165825,23.0976311 17.7071068,22.7071068 C18.0976311,22.3165825 18.0976311,21.6834175 17.7071068,21.2928932 L8.41421356,12 L17.7071068,2.70710678 Z"
                      transform="rotate(-90 12 12)"
                    />
                  </svg>
                </button>
              </div>
            </td>
          </tr>
        </tbody>
      </table>
    </div>
    <div
      class="pagination"
    >
      <nav
        aria-label="Pages"
        class=""
      >
        <ol
          class="c16"
          role="list"
        >
          <li
            class="c17"
          >
            <a
              aria-disabled="true"
              aria-label="Go to page 1"
              class="c18"
              role="link"
            >
              <svg
                fill="currentcolor"
                height="16"
                viewBox="0 0 16 16"
                width="16"
                xmlns="http://www.w3.org/2000/svg"
              >
                <path
                  d="M2.66671 1.33335C2.66671 0.965164 2.36823 0.666687 2.00004 0.666687C1.63185 0.666687 1.33337 0.965164 1.33337 1.33335V14.6667C1.33337 15.0349 1.63185 15.3334 2.00004 15.3334C2.36823 15.3334 2.66671 15.0349 2.66671 14.6667L2.66671 1.33335ZM13.5286 0.861949C13.789 0.6016 14.2111 0.6016 14.4714 0.861949C14.7318 1.1223 14.7318 1.54441 14.4714 1.80476L8.27618 8.00002L14.4714 14.1953C14.7318 14.4556 14.7318 14.8777 14.4714 15.1381C14.2111 15.3984 13.789 15.3984 13.5286 15.1381L6.86197 8.47142C6.60162 8.21107 6.60162 7.78897 6.86197 7.52862L13.5286 0.861949Z"
                />
              </svg>
            </a>
          </li>
          <li
            class="c17"
          >
            <a
              aria-disabled="true"
              aria-label="Go to previous page, 0"
              class="c18"
              rel="prev"
              role="link"
            >
              <svg
                class="c19"
                fill="currentcolor"
                height="1em"
                viewBox="0 0 24 24"
                width="1em"
              >
                <path
                  d="M17.7071068,2.70710678 C18.0976311,2.31658249 18.0976311,1.68341751 17.7071068,1.29289322 C17.3165825,0.902368927 16.6834175,0.902368927 16.2928932,1.29289322 L6.29289322,11.2928932 C5.90236893,11.6834175 5.90236893,12.3165825 6.29289322,12.7071068 L16.2928932,22.7071068 C16.6834175,23.0976311 17.3165825,23.0976311 17.7071068,22.7071068 C18.0976311,22.3165825 18.0976311,21.6834175 17.7071068,21.2928932 L8.41421356,12 L17.7071068,2.70710678 Z"
                />
              </svg>
            </a>
          </li>
          <li
            class="c17"
          >
            <a
              aria-current="page"
              aria-disabled="true"
              aria-label="Current page, 1"
              class="c18"
              role="link"
            >
              1
            </a>
          </li>
          <li
            class="c17"
          >
            <a
              aria-label="Go to page 2"
              class="c18"
              role="link"
              tabindex="0"
            >
              2
            </a>
          </li>
          <li
            class="c17"
          >
            <a
              aria-label="Go to page 3"
              class="c18"
              role="link"
              tabindex="0"
            >
              3
            </a>
          </li>
          <li
            class="c17"
          >
            <a
              aria-label="Go to next page, 2"
              class="c18"
              rel="next"
              role="link"
              tabindex="0"
            >
              <svg
                class="c20"
                fill="currentcolor"
                height="1em"
                viewBox="0 0 24 24"
                width="1em"
              >
                <path
                  d="M17.7071068,2.70710678 C18.0976311,2.31658249 18.0976311,1.68341751 17.7071068,1.29289322 C17.3165825,0.902368927 16.6834175,0.902368927 16.2928932,1.29289322 L6.29289322,11.2928932 C5.90236893,11.6834175 5.90236893,12.3165825 6.29289322,12.7071068 L16.2928932,22.7071068 C16.6834175,23.0976311 17.3165825,23.0976311 17.7071068,22.7071068 C18.0976311,22.3165825 18.0976311,21.6834175 17.7071068,21.2928932 L8.41421356,12 L17.7071068,2.70710678 Z"
                  transform="matrix(-1 0 0 1 24 0)"
                />
              </svg>
            </a>
          </li>
          <li
            class="c17"
          >
            <a
              aria-label="Go to last page, 3"
              class="c18"
              role="link"
              tabindex="0"
            >
              <svg
                fill="currentcolor"
                height="16"
                viewBox="0 0 16 16"
                width="16"
                xmlns="http://www.w3.org/2000/svg"
              >
                <path
                  d="M14.6667 1.33335C14.6667 0.965164 14.3682 0.666687 14 0.666687C13.6319 0.666687 13.3334 0.965164 13.3334 1.33335L13.3334 14.6667C13.3334 15.0349 13.6318 15.3334 14 15.3334C14.3682 15.3334 14.6667 15.0349 14.6667 14.6667L14.6667 1.33335ZM1.52864 0.861949C1.26829 1.1223 1.26829 1.54441 1.52864 1.80476L7.7239 8.00002L1.52864 14.1953C1.26829 14.4556 1.26829 14.8777 1.52864 15.1381C1.78899 15.3984 2.2111 15.3984 2.47144 15.1381L9.13811 8.47142C9.39846 8.21107 9.39846 7.78897 9.13811 7.52862L2.47144 0.861949C2.2111 0.6016 1.78899 0.6016 1.52864 0.861949Z"
                />
              </svg>
            </a>
          </li>
        </ol>
      </nav>
    </div>
  </div>
</div>
`;
