// Jest Snapshot v1, https://goo.gl/fbAQLP

exports[`library exports should match previous exported names 1`] = `
Array [
  "AccessibleField",
  "Accordion",
  "ActionBar",
  "ActionProvider",
  "Alert",
  "Avatar",
  "Box",
  "BrandBar",
  "Breadcrumb",
  "Button",
  "Calendar",
  "Card",
  "CheckBox",
  "CheckBoxCard",
  "CheckBoxField",
  "CheckBoxGroup",
  "ColorPicker",
  "ConfirmModal",
  "DataGrid",
  "DateInput",
  "DateInputField",
  "Dimmer",
  "Divider",
  "FieldWrapper",
  "FileInput",
  "FileInputField",
  "Flex",
  "Footer",
  "Grid",
  "Header",
  "IconButton",
  "Label",
  "Layout",
  "Link",
  "List",
  "MenuBar",
  "MenuButton",
  "Modal",
  "Notification",
  "Pagination",
  "PrevNext",
  "Preview",
  "RadioButton",
  "RadioButtonField",
  "RadioCard",
  "RadioGroup",
  "SIZES",
  "ScreenSizeContext",
  "ScreenSizeProvider",
  "Select",
  "SelectField",
  "Spinner",
  "SplitButton",
  "StatusMessage",
  "StepAvatar",
  "StyleProvider",
  "Tab",
  "TabController",
  "TabList",
  "TabPanel",
  "Table",
  "Tag",
  "Text",
  "TextArea",
  "TextAreaField",
  "TextButton",
  "TextInput",
  "TextInputField",
  "Toggle",
  "ToggleField",
  "Tooltip",
  "trapScroll",
  "useAccessibleField",
  "useAction",
  "useActionBarItems",
  "useId",
  "useLayout",
  "usePopup",
  "useScreenSize",
  "useScrollTrap",
]
`;
