// Jest Snapshot v1, https://goo.gl/fbAQLP

exports[`component: Pagination 11 pages, first page selected 1`] = `
.c3 {
  vertical-align: middle;
}

.c5 {
  vertical-align: middle;
}

.c4 {
  vertical-align: middle;
  margin-top: 5px;
  -webkit-transform: rotate(90deg);
  -ms-transform: rotate(90deg);
  transform: rotate(90deg);
  cursor: default;
  display: block;
}

.c0 {
  display: -webkit-box;
  display: -webkit-flex;
  display: -ms-flexbox;
  display: flex;
  -webkit-flex-wrap: nowrap;
  -ms-flex-wrap: nowrap;
  flex-wrap: nowrap;
  list-style: none;
  margin: 0;
  padding: 0;
}

.c1 {
  min-width: 15px;
  height: 24px;
  text-align: center;
  background: none;
  -webkit-appearance: none;
  -moz-appearance: none;
  appearance: none;
  padding: 2px 8px;
  display: block;
  box-sizing: content-box;
  border-left: 1px solid hsl(200,29%,90%);
}

.c1,
.c1:link {
  color: hsl(200,10%,20%);
  font-size: 15px;
  line-height: 18px;
  -webkit-text-decoration: none;
  text-decoration: none;
}

.c1:last-child {
  border-right: 1px solid hsl(200,29%,90%);
}

.c1 svg {
  width: 15px;
  height: 15px;
  vertical-align: middle;
}

.c2 {
  cursor: pointer;
  padding: 3px;
  vertical-align: middle;
  line-height: 18px;
  display: block;
  border-radius: 8px;
  -webkit-text-decoration: none;
  text-decoration: none;
  color: inherit;
  border: none;
  background-color: transparent;
  font: inherit;
}

.c2:visited {
  color: hsl(200,18%,45%);
}

.c2:hover {
  color: hsl(200,96%,35%);
}

.c2:active,
.c2:focus {
  padding: 3px;
  outline: none;
  background-color: hsl(200,96%,35%);
  color: hsl(0,0%,100%);
}

.c2::-moz-focus-inner {
  border: none;
}

.c2[disabled],
.c2[aria-disabled='true'] {
  color: hsl(0,0%,90%);
  background-color: transparent;
  cursor: default;
}

.c2[aria-current='page'] {
  background-color: hsl(200,96%,11%);
  color: hsl(0,0%,100%);
}

@media screen and (min-width:1024px) {
  .c1,
  .c1:link {
    font-size: 15px;
  }
}

<div>
  <nav
    aria-label="Pages"
    class=""
  >
    <ol
      class="c0"
      role="list"
    >
      <li
        class="c1"
      >
        <a
          aria-disabled="true"
          aria-label="Go to page 1"
          class="c2"
          role="link"
        >
          <svg
            fill="currentcolor"
            height="16"
            viewBox="0 0 16 16"
            width="16"
            xmlns="http://www.w3.org/2000/svg"
          >
            <path
              d="M2.66671 1.33335C2.66671 0.965164 2.36823 0.666687 2.00004 0.666687C1.63185 0.666687 1.33337 0.965164 1.33337 1.33335V14.6667C1.33337 15.0349 1.63185 15.3334 2.00004 15.3334C2.36823 15.3334 2.66671 15.0349 2.66671 14.6667L2.66671 1.33335ZM13.5286 0.861949C13.789 0.6016 14.2111 0.6016 14.4714 0.861949C14.7318 1.1223 14.7318 1.54441 14.4714 1.80476L8.27618 8.00002L14.4714 14.1953C14.7318 14.4556 14.7318 14.8777 14.4714 15.1381C14.2111 15.3984 13.789 15.3984 13.5286 15.1381L6.86197 8.47142C6.60162 8.21107 6.60162 7.78897 6.86197 7.52862L13.5286 0.861949Z"
            />
          </svg>
        </a>
      </li>
      <li
        class="c1"
      >
        <a
          aria-disabled="true"
          aria-label="Go to previous page, 0"
          class="c2"
          rel="prev"
          role="link"
        >
          <svg
            class="c3"
            fill="currentcolor"
            height="1em"
            viewBox="0 0 24 24"
            width="1em"
          >
            <path
              d="M17.7071068,2.70710678 C18.0976311,2.31658249 18.0976311,1.68341751 17.7071068,1.29289322 C17.3165825,0.902368927 16.6834175,0.902368927 16.2928932,1.29289322 L6.29289322,11.2928932 C5.90236893,11.6834175 5.90236893,12.3165825 6.29289322,12.7071068 L16.2928932,22.7071068 C16.6834175,23.0976311 17.3165825,23.0976311 17.7071068,22.7071068 C18.0976311,22.3165825 18.0976311,21.6834175 17.7071068,21.2928932 L8.41421356,12 L17.7071068,2.70710678 Z"
            />
          </svg>
        </a>
      </li>
      <li
        class="c1"
      >
        <a
          aria-current="page"
          aria-disabled="true"
          aria-label="Current page, 1"
          class="c2"
          role="link"
        >
          1
        </a>
      </li>
      <li
        class="c1"
      >
        <a
          aria-label="Go to page 2"
          class="c2"
          role="link"
          tabindex="0"
        >
          2
        </a>
      </li>
      <li
        class="c1"
      >
        <a
          aria-label="Go to page 3"
          class="c2"
          role="link"
          tabindex="0"
        >
          3
        </a>
      </li>
      <li
        class="c1"
      >
        <a
          aria-label="Go to page 4"
          class="c2"
          role="link"
          tabindex="0"
        >
          4
        </a>
      </li>
      <li
        class="c1"
      >
        <a
          aria-label="Go to page 5"
          class="c2"
          role="link"
          tabindex="0"
        >
          5
        </a>
      </li>
      <li
        class="c1"
      >
        <a
          aria-label="Go to page 6"
          class="c2"
          role="link"
          tabindex="0"
        >
          6
        </a>
      </li>
      <li
        class="c1"
      >
        <a
          aria-label="Go to page 7"
          class="c2"
          role="link"
          tabindex="0"
        >
          7
        </a>
      </li>
      <li
        class="c1"
      >
        <svg
          class="sc-fznOgF c4"
          fill="currentcolor"
          height="1em"
          viewBox="0 0 24 24"
          width="1em"
        >
          <path
            d="M11.75,4.5 C10.7835017,4.5 10,3.71649831 10,2.75 C10,1.78350169 10.7835017,1 11.75,1 C12.7164983,1 13.5,1.78350169 13.5,2.75 C13.5,3.71649831 12.7164983,4.5 11.75,4.5 Z M11.75,13.5 C10.7835017,13.5 10,12.7164983 10,11.75 C10,10.7835017 10.7835017,10 11.75,10 C12.7164983,10 13.5,10.7835017 13.5,11.75 C13.5,12.7164983 12.7164983,13.5 11.75,13.5 Z M11.75,23 C10.7835017,23 10,22.2164983 10,21.25 C10,20.2835017 10.7835017,19.5 11.75,19.5 C12.7164983,19.5 13.5,20.2835017 13.5,21.25 C13.5,22.2164983 12.7164983,23 11.75,23 Z"
          />
        </svg>
      </li>
      <li
        class="c1"
      >
        <a
          aria-label="Go to page 11"
          class="c2"
          role="link"
          tabindex="0"
        >
          11
        </a>
      </li>
      <li
        class="c1"
      >
        <a
          aria-label="Go to next page, 2"
          class="c2"
          rel="next"
          role="link"
          tabindex="0"
        >
          <svg
            class="c5"
            fill="currentcolor"
            height="1em"
            viewBox="0 0 24 24"
            width="1em"
          >
            <path
              d="M17.7071068,2.70710678 C18.0976311,2.31658249 18.0976311,1.68341751 17.7071068,1.29289322 C17.3165825,0.902368927 16.6834175,0.902368927 16.2928932,1.29289322 L6.29289322,11.2928932 C5.90236893,11.6834175 5.90236893,12.3165825 6.29289322,12.7071068 L16.2928932,22.7071068 C16.6834175,23.0976311 17.3165825,23.0976311 17.7071068,22.7071068 C18.0976311,22.3165825 18.0976311,21.6834175 17.7071068,21.2928932 L8.41421356,12 L17.7071068,2.70710678 Z"
              transform="matrix(-1 0 0 1 24 0)"
            />
          </svg>
        </a>
      </li>
      <li
        class="c1"
      >
        <a
          aria-label="Go to last page, 11"
          class="c2"
          role="link"
          tabindex="0"
        >
          <svg
            fill="currentcolor"
            height="16"
            viewBox="0 0 16 16"
            width="16"
            xmlns="http://www.w3.org/2000/svg"
          >
            <path
              d="M14.6667 1.33335C14.6667 0.965164 14.3682 0.666687 14 0.666687C13.6319 0.666687 13.3334 0.965164 13.3334 1.33335L13.3334 14.6667C13.3334 15.0349 13.6318 15.3334 14 15.3334C14.3682 15.3334 14.6667 15.0349 14.6667 14.6667L14.6667 1.33335ZM1.52864 0.861949C1.26829 1.1223 1.26829 1.54441 1.52864 1.80476L7.7239 8.00002L1.52864 14.1953C1.26829 14.4556 1.26829 14.8777 1.52864 15.1381C1.78899 15.3984 2.2111 15.3984 2.47144 15.1381L9.13811 8.47142C9.39846 8.21107 9.39846 7.78897 9.13811 7.52862L2.47144 0.861949C2.2111 0.6016 1.78899 0.6016 1.52864 0.861949Z"
            />
          </svg>
        </a>
      </li>
    </ol>
  </nav>
</div>
`;
