// Jest Snapshot v1, https://goo.gl/fbAQLP

exports[`component: AccessibleField alternate prop types 1`] = `
.c0 + .c0 {
  margin-top: 16px;
}

.c2 {
  box-sizing: border-box;
  display: -webkit-box;
  display: -webkit-flex;
  display: -ms-flexbox;
  display: flex;
}

.c3 {
  -webkit-box-pack: justify;
  -webkit-justify-content: space-between;
  -ms-flex-pack: justify;
  justify-content: space-between;
  -webkit-align-items: center;
  -webkit-box-align: center;
  -ms-flex-align: center;
  align-items: center;
  -webkit-flex-wrap: wrap;
  -ms-flex-wrap: wrap;
  flex-wrap: wrap;
}

.c5 {
  font-size: 18px;
  line-height: 1.5;
  font-weight: 600;
  color: hsl(200,10%,20%);
}

.c12 {
  vertical-align: middle;
}

.c7 {
  vertical-align: middle;
}

.c10 {
  padding: 2px 4px;
  position: relative;
  box-sizing: border-box;
  overflow-wrap: break-word;
  display: inline-block;
  font-size: 15px;
  line-height: 1.6;
  background-color: hsla(353,84%,44%,0.3);
}

.c10 .c11,
.c10 .sc-daBvwG,
.c10 .sc-dWBSoC {
  margin-right: 4px;
  vertical-align: -2px;
}

.c8 {
  outline: none;
  color: hsl(200,10%,20%);
}

.c8:hover {
  color: hsl(200,96%,35%);
}

.c1 {
  position: relative;
  display: -webkit-box;
  display: -webkit-flex;
  display: -ms-flexbox;
  display: flex;
  -webkit-flex-direction: column;
  -ms-flex-direction: column;
  flex-direction: column;
}

.c1 .c4 {
  display: block;
  box-sizing: border-box;
  padding-left: 16px;
  padding-right: 5px;
}

.c1 .c6 {
  position: relative;
  font-size: 16px;
}

.c1 .c9 {
  margin-top: 4px;
}

@media screen and (min-width:1024px) {
  .c5 {
    font-size: 18px;
    line-height: 1.5;
  }
}

@media screen and (min-width:1024px) {
  .c10 {
    font-size: 15px;
    line-height: 1.6;
  }
}

<div>
  <div
    class="c0 c1"
  >
    <div
      class="c2 c3"
      display="flex"
    >
      <label
        class="c4 c5"
        for="aftest"
        id="aftest-label"
      >
        <em>
          Accessible Label
        </em>
      </label>
      <span
        class="c6 "
        data-reach-tooltip-trigger=""
      >
        <svg
          class="c7 c8"
          fill="currentcolor"
          height="1em"
          viewBox="0 0 24 24"
          width="1em"
        >
          <path
            d="M22,12 C22,6.47714622 17.5223159,2 12,2 C6.47523326,2 2,6.47577095 2,12 C2,17.524229 6.47523326,22 12,22 C17.5223159,22 22,17.5228538 22,12 Z M24,12 C24,18.6274771 18.6268316,24 12,24 C5.37060996,24 0,18.6287448 0,12 C0,5.37125524 5.37060996,0 12,0 C18.6268316,0 24,5.37252293 24,12 Z M11.057,15.6442233 L11.057,12.5 L9.27493729,12.5 C8.72265254,12.5 8.27493729,12.0522847 8.27493729,11.5 C8.27493729,10.9477153 8.72265254,10.5 9.27493729,10.5 L12.057,10.5 C12.6092847,10.5 13.057,10.9477153 13.057,11.5 L13.057,15.6442233 L15.0505322,15.6442233 C15.602817,15.6442233 16.0505322,16.0919386 16.0505322,16.6442233 C16.0505322,17.1965081 15.602817,17.6442233 15.0505322,17.6442233 L9,17.6442233 C8.44771525,17.6442233 8,17.1965081 8,16.6442233 C8,16.0919386 8.44771525,15.6442233 9,15.6442233 L11.057,15.6442233 Z M11.5,9 C10.6715729,9 10,8.32842712 10,7.5 C10,6.67157288 10.6715729,6 11.5,6 C12.3284271,6 13,6.67157288 13,7.5 C13,8.32842712 12.3284271,9 11.5,9 Z"
          />
        </svg>
      </span>
      <span
        id="aftest-tip"
        role="tooltip"
        style="border: 0px; height: 1px; margin: -1px; overflow: hidden; padding: 0px; position: absolute; width: 1px; white-space: nowrap; word-wrap: normal;"
      >
        <strong>
          JSX Tooltip
        </strong>
      </span>
    </div>
    <input
      id="aftest"
      name="text_field"
    />
    <div>
      <div
        class="c9 c10"
        id="aftest-status"
        role="alert"
      >
        <svg
          aria-hidden="true"
          class="c11 c12"
          fill="currentcolor"
          height="1em"
          viewBox="0 0 24 24"
          width="1em"
        >
          <path
            d="M11.1055728,1.5527864 C11.4740971,0.815737865 12.5259029,0.815737865 12.8944272,1.5527864 L22.8944272,21.5527864 C23.2268777,22.2176875 22.743382,23 22,23 L2,23 C1.25661798,23 0.773122263,22.2176875 1.10557281,21.5527864 L11.1055728,1.5527864 Z M3.61803399,21 L20.381966,21 L12,4.23606798 L3.61803399,21 Z M12,18 C11.4477153,18 11,17.5522847 11,17 C11,16.4477153 11.4477153,16 12,16 C12.5522847,16 13,16.4477153 13,17 C13,17.5522847 12.5522847,18 12,18 Z M13,14 C13,14.5522847 12.5522847,15 12,15 C11.4477153,15 11,14.5522847 11,14 L11,11 C11,10.4477153 11.4477153,10 12,10 C12.5522847,10 13,10.4477153 13,11 L13,14 Z"
          />
        </svg>
        <span>
          <p>
            Error Paragraph
          </p>
        </span>
      </div>
    </div>
  </div>
</div>
`;
